// Jest Snapshot v1, https://goo.gl/fbAQLP

exports[`TaskList component renders taskList correctly via snapshot 1`] = `
<DocumentFragment>
  <div
    class="govuk-summary-card"
  >
    <div
      class="govuk-summary-card__title-wrapper"
    >
      <h2
        class="govuk-summary-card__title"
      >
        Test Task 1
      </h2>
      <div
        class="govuk-summary-card__actions"
      >
        <li
          class="govuk-summary-card__action"
        >
          <a
            class="govuk-link"
            data-discover="true"
            href="/viewTask"
          >
            Update
          </a>
        </li>
        <li
          class="govuk-summary-card__action"
        >
          <a
            class="govuk-link"
            data-discover="true"
            href="/deleteTask"
          >
            Delete
          </a>
        </li>
      </div>
    </div>
    <div
      class="govuk-summary-card__content"
    >
      <div
        class="govuk-summary-list"
      >
        <div
          class="govuk-summary-list__row"
        >
          <dt
            class="govuk-summary-list__key"
          >
            ID
          </dt>
          <dd
            class="govuk-summary-list__value"
          >
            1001
          </dd>
        </div>
        <div
          class="govuk-summary-list__row"
        >
          <dt
            class="govuk-summary-list__key"
          >
            Task Title
          </dt>
          <dd
            class="govuk-summary-list__value"
          >
            Test Task 1
          </dd>
        </div>
        <div
          class="govuk-summary-list__row"
        >
          <dt
            class="govuk-summary-list__key"
          >
            Description
          </dt>
          <dd
            class="govuk-summary-list__value"
          >
            Description 1
          </dd>
        </div>
        <div
          class="govuk-summary-list__row"
        >
          <dt
            class="govuk-summary-list__key"
          >
            Status
          </dt>
          <dd
            class="govuk-summary-list__value"
          >
            ACTIVE
          </dd>
        </div>
        <div
          class="govuk-summary-list__row"
        >
          <dt
            class="govuk-summary-list__key"
          >
            Due Date
          </dt>
          <dd
            class="govuk-summary-list__value"
          >
            2024-06-01
          </dd>
        </div>
      </div>
    </div>
  </div>
  <div
    class="govuk-summary-card"
  >
    <div
      class="govuk-summary-card__title-wrapper"
    >
      <h2
        class="govuk-summary-card__title"
      >
        Test Task 2
      </h2>
      <div
        class="govuk-summary-card__actions"
      >
        <li
          class="govuk-summary-card__action"
        >
          <a
            class="govuk-link"
            data-discover="true"
            href="/viewTask"
          >
            Update
          </a>
        </li>
        <li
          class="govuk-summary-card__action"
        >
          <a
            class="govuk-link"
            data-discover="true"
            href="/deleteTask"
          >
            Delete
          </a>
        </li>
      </div>
    </div>
    <div
      class="govuk-summary-card__content"
    >
      <div
        class="govuk-summary-list"
      >
        <div
          class="govuk-summary-list__row"
        >
          <dt
            class="govuk-summary-list__key"
          >
            ID
          </dt>
          <dd
            class="govuk-summary-list__value"
          >
            6049
          </dd>
        </div>
        <div
          class="govuk-summary-list__row"
        >
          <dt
            class="govuk-summary-list__key"
          >
            Task Title
          </dt>
          <dd
            class="govuk-summary-list__value"
          >
            Test Task 2
          </dd>
        </div>
        <div
          class="govuk-summary-list__row"
        >
          <dt
            class="govuk-summary-list__key"
          >
            Description
          </dt>
          <dd
            class="govuk-summary-list__value"
          >
            Description 2
          </dd>
        </div>
        <div
          class="govuk-summary-list__row"
        >
          <dt
            class="govuk-summary-list__key"
          >
            Status
          </dt>
          <dd
            class="govuk-summary-list__value"
          >
            INACTIVE
          </dd>
        </div>
        <div
          class="govuk-summary-list__row"
        >
          <dt
            class="govuk-summary-list__key"
          >
            Due Date
          </dt>
          <dd
            class="govuk-summary-list__value"
          >
            2024-07-01
          </dd>
        </div>
      </div>
    </div>
  </div>
</DocumentFragment>
`;
